This is pdfTeX, Version 3.141592653-2.6-1.40.25 (TeX Live 2023/Debian) (preloaded format=pdflatex)
 restricted \write18 enabled.
entering extended mode
(./document.tex
LaTeX2e <2023-11-01> patch level 1
L3 programming layer <2024-01-22>
(/usr/share/texlive/texmf-dist/tex/latex/base/article.cls
Document Class: article 2023/05/17 v1.4n Standard LaTeX document class
(/usr/share/texlive/texmf-dist/tex/latex/base/size10.clo))
(/usr/share/texlive/texmf-dist/tex/latex/amsmath/amsmath.sty
For additional information on amsmath, use the `?' option.
(/usr/share/texlive/texmf-dist/tex/latex/amsmath/amstext.sty
(/usr/share/texlive/texmf-dist/tex/latex/amsmath/amsgen.sty))
(/usr/share/texlive/texmf-dist/tex/latex/amsmath/amsbsy.sty)
(/usr/share/texlive/texmf-dist/tex/latex/amsmath/amsopn.sty))
(/usr/share/texlive/texmf-dist/tex/latex/amsfonts/amssymb.sty
(/usr/share/texlive/texmf-dist/tex/latex/amsfonts/amsfonts.sty))
(/usr/share/texlive/texmf-dist/tex/generic/iftex/iftex.sty)
(/usr/share/texlive/texmf-dist/tex/latex/base/fontenc.sty)
(/usr/share/texlive/texmf-dist/tex/latex/base/inputenc.sty)
(/usr/share/texlive/texmf-dist/tex/latex/base/textcomp.sty)
(/usr/share/texmf/tex/latex/lm/lmodern.sty)
(/usr/share/texlive/texmf-dist/tex/latex/float/float.sty)
(/usr/share/texlive/texmf-dist/tex/latex/tools/tabularx.sty
(/usr/share/texlive/texmf-dist/tex/latex/tools/array.sty))
(/usr/share/texlive/texmf-dist/tex/latex/upquote/upquote.sty)
(/usr/share/texlive/texmf-dist/tex/latex/microtype/microtype.sty
(/usr/share/texlive/texmf-dist/tex/latex/graphics/keyval.sty)
(/usr/share/texlive/texmf-dist/tex/latex/etoolbox/etoolbox.sty)
(/usr/share/texlive/texmf-dist/tex/latex/microtype/microtype-pdftex.def)
(/usr/share/texlive/texmf-dist/tex/latex/microtype/microtype.cfg))
(/usr/share/texlive/texmf-dist/tex/latex/parskip/parskip.sty
(/usr/share/texlive/texmf-dist/tex/latex/kvoptions/kvoptions.sty
(/usr/share/texlive/texmf-dist/tex/generic/ltxcmds/ltxcmds.sty)
(/usr/share/texlive/texmf-dist/tex/latex/kvsetkeys/kvsetkeys.sty)))
(/usr/share/texlive/texmf-dist/tex/latex/xcolor/xcolor.sty
(/usr/share/texlive/texmf-dist/tex/latex/graphics-cfg/color.cfg)
(/usr/share/texlive/texmf-dist/tex/latex/graphics-def/pdftex.def)
(/usr/share/texlive/texmf-dist/tex/latex/graphics/mathcolor.ltx))
(/usr/share/texlive/texmf-dist/tex/latex/tools/longtable.sty)
(/usr/share/texlive/texmf-dist/tex/latex/booktabs/booktabs.sty)
(/usr/share/texlive/texmf-dist/tex/latex/multirow/multirow.sty)
(/usr/share/texlive/texmf-dist/tex/latex/tools/calc.sty)
(/usr/share/texlive/texmf-dist/tex/latex/footnotehyper/footnotehyper.sty)
(/usr/share/texlive/texmf-dist/tex/latex/graphics/graphicx.sty
(/usr/share/texlive/texmf-dist/tex/latex/graphics/graphics.sty
(/usr/share/texlive/texmf-dist/tex/latex/graphics/trig.sty)
(/usr/share/texlive/texmf-dist/tex/latex/graphics-cfg/graphics.cfg)))
(/usr/share/texlive/texmf-dist/tex/generic/soul/soul.sty
(/usr/share/texlive/texmf-dist/tex/generic/soul/soul-ori.sty)
(/usr/share/texlive/texmf-dist/tex/generic/infwarerr/infwarerr.sty)
(/usr/share/texlive/texmf-dist/tex/generic/etexcmds/etexcmds.sty))
(/usr/share/texlive/texmf-dist/tex/latex/bookmark/bookmark.sty
(/usr/share/texlive/texmf-dist/tex/latex/hyperref/hyperref.sty
(/usr/share/texlive/texmf-dist/tex/generic/kvdefinekeys/kvdefinekeys.sty)
(/usr/share/texlive/texmf-dist/tex/generic/pdfescape/pdfescape.sty
(/usr/share/texlive/texmf-dist/tex/generic/pdftexcmds/pdftexcmds.sty))
(/usr/share/texlive/texmf-dist/tex/latex/hycolor/hycolor.sty)
(/usr/share/texlive/texmf-dist/tex/latex/auxhook/auxhook.sty)
(/usr/share/texlive/texmf-dist/tex/latex/hyperref/nameref.sty
(/usr/share/texlive/texmf-dist/tex/latex/refcount/refcount.sty)
(/usr/share/texlive/texmf-dist/tex/generic/gettitlestring/gettitlestring.sty))
(/usr/share/texlive/texmf-dist/tex/latex/hyperref/pd1enc.def)
(/usr/share/texlive/texmf-dist/tex/generic/intcalc/intcalc.sty)
(/usr/share/texlive/texmf-dist/tex/latex/hyperref/puenc.def)
(/usr/share/texlive/texmf-dist/tex/latex/url/url.sty)
(/usr/share/texlive/texmf-dist/tex/generic/bitset/bitset.sty
(/usr/share/texlive/texmf-dist/tex/generic/bigintcalc/bigintcalc.sty))
(/usr/share/texlive/texmf-dist/tex/latex/base/atbegshi-ltx.sty))
(/usr/share/texlive/texmf-dist/tex/latex/hyperref/hpdftex.def
(/usr/share/texlive/texmf-dist/tex/latex/base/atveryend-ltx.sty)
(/usr/share/texlive/texmf-dist/tex/latex/rerunfilecheck/rerunfilecheck.sty
(/usr/share/texlive/texmf-dist/tex/generic/uniquecounter/uniquecounter.sty)))
(/usr/share/texlive/texmf-dist/tex/latex/bookmark/bkm-pdftex.def))
(/usr/share/texlive/texmf-dist/tex/latex/xurl/xurl.sty)
(/usr/share/texmf/tex/latex/lm/t1lmr.fd)
(/usr/share/texlive/texmf-dist/tex/latex/l3backend/l3backend-pdftex.def)
(./document.aux) (/usr/share/texlive/texmf-dist/tex/latex/microtype/mt-cmr.cfg)
 (/usr/share/texlive/texmf-dist/tex/context/base/mkii/supp-pdf.mkii
[Loading MPS to PDF converter (version 2006.09.02).]
) (/usr/share/texlive/texmf-dist/tex/latex/epstopdf-pkg/epstopdf-base.sty
(/usr/share/texlive/texmf-dist/tex/latex/latexconfig/epstopdf-sys.cfg))
(/usr/share/texmf/tex/latex/lm/ot1lmr.fd)
(/usr/share/texmf/tex/latex/lm/omllmm.fd)
(/usr/share/texmf/tex/latex/lm/omslmsy.fd)
(/usr/share/texmf/tex/latex/lm/omxlmex.fd)
(/usr/share/texlive/texmf-dist/tex/latex/amsfonts/umsa.fd)
(/usr/share/texlive/texmf-dist/tex/latex/microtype/mt-msa.cfg)
(/usr/share/texlive/texmf-dist/tex/latex/amsfonts/umsb.fd)
(/usr/share/texlive/texmf-dist/tex/latex/microtype/mt-msb.cfg)
Overfull \vbox (28.79999pt too high) detected at line 110

Overfull \vbox (28.79999pt too high) detected at line 122
(/usr/share/texmf/tex/latex/lm/ts1lmr.fd)
Overfull \hbox (6.75421pt too wide) in paragraph at lines 235--251
[][]  
[1{/var/lib/texmf/fonts/map/pdftex/updmap/pdftex.map}{/usr/share/texmf/fonts/en
c/dvips/lm/lm-ec.enc}]
Overfull \hbox (6.75421pt too wide) in paragraph at lines 298--316
[][]  
[2{/usr/share/texmf/fonts/enc/dvips/lm/lm-ts1.enc}] [3] [4]
Overfull \vbox (51.48138pt too high) has occurred while \output is active
[5] [6] [7] [8] [9]
Overfull \vbox (356.15327pt too high) has occurred while \output is active
[10] [11]

! LaTeX Error: There's no line here to end.

See the LaTeX manual or LaTeX Companion for explanation.
Type  H <return>  for immediate help.
 ...                                              
                                                  
l.793 \item \\
               Cout • Taux de conformité
! Misplaced \noalign.
\midrule ->\noalign 
                    {\ifnum 0=`}\fi \@aboverulesep =\aboverulesep \global \@...
l.1039 \midrule
               \noalign{}
! Misplaced \noalign.
<recently read> \noalign 
                         
l.1039 \midrule\noalign
                       {}
! Misplaced \noalign.
\bottomrule ->\noalign 
                       {\ifnum 0=`}\fi \@aboverulesep =\aboverulesep \global...
l.1041 \bottomrule
                  \noalign{}
! Misplaced \noalign.
<recently read> \noalign 
                         
l.1041 \bottomrule\noalign
                          {}
! Missing \endgroup inserted.
<inserted text> 
                \endgroup 
l.1043 \end{tabular}
                    
! Missing \endgroup inserted.
<inserted text> 
                \endgroup 
l.1043 \end{tabular}
                    
! Missing } inserted.
<inserted text> 
                }
l.1043 \end{tabular}
                    
[12]
Overfull \hbox (10.34851pt too wide) in paragraph at lines 1131--1132
[]\T1/lmr/m/n/10 (-20) 8000000  

Overfull \hbox (10.09851pt too wide) in paragraph at lines 1137--1137
[]\T1/lmr/m/n/10 (-20) 7219900  

Overfull \hbox (10.34851pt too wide) in paragraph at lines 1140--1141
[]\T1/lmr/m/n/10 (-20) 6817000  

Overfull \hbox (10.34851pt too wide) in paragraph at lines 1147--1147
[]\T1/lmr/m/n/10 (-20) 6000000  

Overfull \hbox (10.34851pt too wide) in paragraph at lines 1156--1156
[]\T1/lmr/m/n/10 (-20) 5512000  

Overfull \hbox (10.34851pt too wide) in paragraph at lines 1161--1161
[]\T1/lmr/m/n/10 (-20) 6203300  

Overfull \hbox (10.59851pt too wide) in paragraph at lines 1173--1173
[]|\T1/lmr/m/n/10 (-20) 4000000|  

Overfull \hbox (10.09851pt too wide) in paragraph at lines 1174--1175
[]\T1/lmr/m/n/10 (-20) 2782000  

Overfull \hbox (10.59851pt too wide) in paragraph at lines 1175--1175
[]|\T1/lmr/m/n/10 (-20) 3718000|  

Overfull \hbox (10.59851pt too wide) in paragraph at lines 1175--1175
[]|\T1/lmr/m/n/10 (-20) 3770000|  

Overfull \hbox (10.09851pt too wide) in paragraph at lines 1177--1178
[]\T1/lmr/m/n/10 (-20) 3744000  
! Misplaced \noalign.
\midrule ->\noalign 
                    {\ifnum 0=`}\fi \@aboverulesep =\aboverulesep \global \@...
l.1223 \midrule
               \noalign{}
! Misplaced \noalign.
<recently read> \noalign 
                         
l.1223 \midrule\noalign
                       {}
! Misplaced \noalign.
\bottomrule ->\noalign 
                       {\ifnum 0=`}\fi \@aboverulesep =\aboverulesep \global...
l.1225 \bottomrule
                  \noalign{}
! Misplaced \noalign.
<recently read> \noalign 
                         
l.1225 \bottomrule\noalign
                          {}
! Missing \endgroup inserted.
<inserted text> 
                \endgroup 
l.1227 \end{tabular}
                    
! Missing \endgroup inserted.
<inserted text> 
                \endgroup 
l.1227 \end{tabular}
                    
! Missing } inserted.
<inserted text> 
                }
l.1227 \end{tabular}
                    
[13] [14]
Overfull \hbox (20.70753pt too wide) in paragraph at lines 1353--1354
[]\T1/lmr/m/n/10 (-20) 12000000  

Overfull \hbox (4.2039pt too wide) in paragraph at lines 1385--1386
[]\T1/lmr/m/n/10 (-20) 100%  

Overfull \hbox (20.70753pt too wide) in paragraph at lines 1389--1389
[]\T1/lmr/m/n/10 (-20) 10000000  

Overfull \hbox (16.30754pt too wide) in paragraph at lines 1397--1398
[]\T1/lmr/m/n/10 (-20) 8000000  

Overfull \hbox (16.30754pt too wide) in paragraph at lines 1404--1404
[]\T1/lmr/m/n/10 (-20) 6000000  

Overfull \hbox (15.95753pt too wide) in paragraph at lines 1413--1413
[]\T1/lmr/m/n/10 (-20) 4000000  

Overfull \hbox (16.05754pt too wide) in paragraph at lines 1421--1422
[]\T1/lmr/m/n/10 (-20) 2000000  
[15] [16] (./document.aux) )
(see the transcript file for additional information)</usr/share/texmf/fonts/typ
e1/public/lm/lmbx10.pfb></usr/share/texmf/fonts/type1/public/lm/lmr10.pfb></usr
/share/texmf/fonts/type1/public/lm/lmr7.pfb></usr/share/texmf/fonts/type1/publi
c/lm/lmri10.pfb>
Output written on document.pdf (16 pages, 149195 bytes).
Transcript written on document.log.
